Traceback (most recent call last):
  File "/app/veo_custom_video_app/backend/.venv/bin/uvicorn", line 8, in <module>
    sys.exit(main())
  File "/app/veo_custom_video_app/backend/.venv/lib/python3.10/site-packages/click/core.py", line 1442, in __call__
    return self.main(*args, **kwargs)
  File "/app/veo_custom_video_app/backend/.venv/lib/python3.10/site-packages/click/core.py", line 1363, in main
    rv = self.invoke(ctx)
  File "/app/veo_custom_video_app/backend/.venv/lib/python3.10/site-packages/click/core.py", line 1226, in invoke
    return ctx.invoke(self.callback, **ctx.params)
  File "/app/veo_custom_video_app/backend/.venv/lib/python3.10/site-packages/click/core.py", line 794, in invoke
    return callback(*args, **kwargs)
  File "/app/veo_custom_video_app/backend/.venv/lib/python3.10/site-packages/uvicorn/main.py", line 413, in main
    run(
  File "/app/veo_custom_video_app/backend/.venv/lib/python3.10/site-packages/uvicorn/main.py", line 580, in run
    server.run()
  File "/app/veo_custom_video_app/backend/.venv/lib/python3.10/site-packages/uvicorn/server.py", line 66, in run
    return asyncio.run(self.serve(sockets=sockets))
  File "/usr/lib/python3.10/asyncio/runners.py", line 44, in run
    return loop.run_until_complete(main)
  File "uvloop/loop.pyx", line 1518, in uvloop.loop.Loop.run_until_complete
  File "/app/veo_custom_video_app/backend/.venv/lib/python3.10/site-packages/uvicorn/server.py", line 70, in serve
    await self._serve(sockets)
  File "/app/veo_custom_video_app/backend/.venv/lib/python3.10/site-packages/uvicorn/server.py", line 77, in _serve
    config.load()
  File "/app/veo_custom_video_app/backend/.venv/lib/python3.10/site-packages/uvicorn/config.py", line 435, in load
    self.loaded_app = import_from_string(self.app)
  File "/app/veo_custom_video_app/backend/.venv/lib/python3.10/site-packages/uvicorn/importer.py", line 19, in import_from_string
    module = importlib.import_module(module_str)
  File "/usr/lib/python3.10/importlib/__init__.py", line 126, in import_module
    return _bootstrap._gcd_import(name[level:], package, level)
  File "<frozen importlib._bootstrap>", line 1050, in _gcd_import
  File "<frozen importlib._bootstrap>", line 1027, in _find_and_load
  File "<frozen importlib._bootstrap>", line 1006, in _find_and_load_unlocked
  File "<frozen importlib._bootstrap>", line 688, in _load_unlocked
  File "<frozen importlib._bootstrap_external>", line 883, in exec_module
  File "<frozen importlib._bootstrap>", line 241, in _call_with_frames_removed
  File "/app/veo_custom_video_app/backend/main.py", line 2, in <module>
    from veo_custom_video_app.backend.api.routes import router as api_key_router, auth_router, user_router # Import all routers
  File "/app/veo_custom_video_app/backend/api/routes.py", line 10, in <module>
    from veo_custom_video_app.backend.main import veo_service_instance
ImportError: cannot import name 'veo_service_instance' from partially initialized module 'veo_custom_video_app.backend.main' (most likely due to a circular import) (/app/veo_custom_video_app/backend/main.py)
