/app/veo_custom_video_app/backend/.venv/lib/python3.10/site-packages/pydantic/_internal/_config.py:373: UserWarning: Valid config keys have changed in V2:
* 'orm_mode' has been renamed to 'from_attributes'
  warnings.warn(message, UserWarning)
INFO:     Started server process [7940]
INFO:     Waiting for application startup.
INFO:     Application startup complete.
INFO:     Uvicorn running on http://0.0.0.0:8000 (Press CTRL+C to quit)
INFO: veo_custom_video_app.config.settings.py not found or DATABASE_URL not defined.
INFO: Using placeholder DATABASE_URL for SQLAlchemy engine.
INFO: Please create settings.py with your actual DATABASE_URL for the application to work correctly.
INFO: veo_custom_video_app.config.settings.py not found or missing variables. Falling back to environment variables.
INFO: VeoService initialized. Endpoint: https://us-central1-aiplatform.googleapis.com, Project: your-gcp-project-id, Region: us-central1, Model: veo-3.0-generate-preview, Token: *******************HERE
INFO:     Starting up application...
INFO:     Attempting to initialize database tables with DATABASE_URL: postgresql://user:password@localhost:5432/veoapp_test_db
INFO: Initializing database with URL: postgresql://user:password@localhost:5432/veoapp_test_db
INFO: Attempting to create tables for models found in: /app/veo_custom_video_app/backend/app/models.py
INFO: Tables to be created: dict_keys(['agencies', 'visions', 'videos', 'users'])
ERROR: An error occurred during table creation: (psycopg2.OperationalError) connection to server at "localhost" (127.0.0.1), port 5432 failed: FATAL:  password authentication failed for user "user"
connection to server at "localhost" (127.0.0.1), port 5432 failed: FATAL:  password authentication failed for user "user"

(Background on this error at: https://sqlalche.me/e/20/e3q8)
INFO:     Database tables initialization process completed.
INFO:     127.0.0.1:51288 - "POST /api/v1/users/ HTTP/1.1" 500 Internal Server Error
ERROR:    Exception in ASGI application
Traceback (most recent call last):
  File "/app/veo_custom_video_app/backend/.venv/lib/python3.10/site-packages/sqlalchemy/engine/base.py", line 145, in __init__
    self._dbapi_connection = engine.raw_connection()
  File "/app/veo_custom_video_app/backend/.venv/lib/python3.10/site-packages/sqlalchemy/engine/base.py", line 3297, in raw_connection
    return self.pool.connect()
  File "/app/veo_custom_video_app/backend/.venv/lib/python3.10/site-packages/sqlalchemy/pool/base.py", line 449, in connect
    return _ConnectionFairy._checkout(self)
  File "/app/veo_custom_video_app/backend/.venv/lib/python3.10/site-packages/sqlalchemy/pool/base.py", line 1264, in _checkout
    fairy = _ConnectionRecord.checkout(pool)
  File "/app/veo_custom_video_app/backend/.venv/lib/python3.10/site-packages/sqlalchemy/pool/base.py", line 713, in checkout
    rec = pool._do_get()
  File "/app/veo_custom_video_app/backend/.venv/lib/python3.10/site-packages/sqlalchemy/pool/impl.py", line 179, in _do_get
    with util.safe_reraise():
  File "/app/veo_custom_video_app/backend/.venv/lib/python3.10/site-packages/sqlalchemy/util/langhelpers.py", line 224, in __exit__
    raise exc_value.with_traceback(exc_tb)
  File "/app/veo_custom_video_app/backend/.venv/lib/python3.10/site-packages/sqlalchemy/pool/impl.py", line 177, in _do_get
    return self._create_connection()
  File "/app/veo_custom_video_app/backend/.venv/lib/python3.10/site-packages/sqlalchemy/pool/base.py", line 390, in _create_connection
    return _ConnectionRecord(self)
  File "/app/veo_custom_video_app/backend/.venv/lib/python3.10/site-packages/sqlalchemy/pool/base.py", line 675, in __init__
    self.__connect()
  File "/app/veo_custom_video_app/backend/.venv/lib/python3.10/site-packages/sqlalchemy/pool/base.py", line 901, in __connect
    with util.safe_reraise():
  File "/app/veo_custom_video_app/backend/.venv/lib/python3.10/site-packages/sqlalchemy/util/langhelpers.py", line 224, in __exit__
    raise exc_value.with_traceback(exc_tb)
  File "/app/veo_custom_video_app/backend/.venv/lib/python3.10/site-packages/sqlalchemy/pool/base.py", line 897, in __connect
    self.dbapi_connection = connection = pool._invoke_creator(self)
  File "/app/veo_custom_video_app/backend/.venv/lib/python3.10/site-packages/sqlalchemy/engine/create.py", line 646, in connect
    return dialect.connect(*cargs, **cparams)
  File "/app/veo_custom_video_app/backend/.venv/lib/python3.10/site-packages/sqlalchemy/engine/default.py", line 625, in connect
    return self.loaded_dbapi.connect(*cargs, **cparams)  # type: ignore[no-any-return]  # NOQA: E501
  File "/app/veo_custom_video_app/backend/.venv/lib/python3.10/site-packages/psycopg2/__init__.py", line 122, in connect
    conn = _connect(dsn, connection_factory=connection_factory, **kwasync)
psycopg2.OperationalError: connection to server at "localhost" (127.0.0.1), port 5432 failed: FATAL:  password authentication failed for user "user"
connection to server at "localhost" (127.0.0.1), port 5432 failed: FATAL:  password authentication failed for user "user"


The above exception was the direct cause of the following exception:

Traceback (most recent call last):
  File "/app/veo_custom_video_app/backend/.venv/lib/python3.10/site-packages/uvicorn/protocols/http/httptools_impl.py", line 409, in run_asgi
    result = await app(  # type: ignore[func-returns-value]
  File "/app/veo_custom_video_app/backend/.venv/lib/python3.10/site-packages/uvicorn/middleware/proxy_headers.py", line 60, in __call__
    return await self.app(scope, receive, send)
  File "/app/veo_custom_video_app/backend/.venv/lib/python3.10/site-packages/fastapi/applications.py", line 1054, in __call__
    await super().__call__(scope, receive, send)
  File "/app/veo_custom_video_app/backend/.venv/lib/python3.10/site-packages/starlette/applications.py", line 112, in __call__
    await self.middleware_stack(scope, receive, send)
  File "/app/veo_custom_video_app/backend/.venv/lib/python3.10/site-packages/starlette/middleware/errors.py", line 187, in __call__
    raise exc
  File "/app/veo_custom_video_app/backend/.venv/lib/python3.10/site-packages/starlette/middleware/errors.py", line 165, in __call__
    await self.app(scope, receive, _send)
  File "/app/veo_custom_video_app/backend/.venv/lib/python3.10/site-packages/starlette/middleware/exceptions.py", line 62, in __call__
    await wrap_app_handling_exceptions(self.app, conn)(scope, receive, send)
  File "/app/veo_custom_video_app/backend/.venv/lib/python3.10/site-packages/starlette/_exception_handler.py", line 53, in wrapped_app
    raise exc
  File "/app/veo_custom_video_app/backend/.venv/lib/python3.10/site-packages/starlette/_exception_handler.py", line 42, in wrapped_app
    await app(scope, receive, sender)
  File "/app/veo_custom_video_app/backend/.venv/lib/python3.10/site-packages/starlette/routing.py", line 714, in __call__
    await self.middleware_stack(scope, receive, send)
  File "/app/veo_custom_video_app/backend/.venv/lib/python3.10/site-packages/starlette/routing.py", line 734, in app
    await route.handle(scope, receive, send)
  File "/app/veo_custom_video_app/backend/.venv/lib/python3.10/site-packages/starlette/routing.py", line 288, in handle
    await self.app(scope, receive, send)
  File "/app/veo_custom_video_app/backend/.venv/lib/python3.10/site-packages/starlette/routing.py", line 76, in app
    await wrap_app_handling_exceptions(app, request)(scope, receive, send)
  File "/app/veo_custom_video_app/backend/.venv/lib/python3.10/site-packages/starlette/_exception_handler.py", line 53, in wrapped_app
    raise exc
  File "/app/veo_custom_video_app/backend/.venv/lib/python3.10/site-packages/starlette/_exception_handler.py", line 42, in wrapped_app
    await app(scope, receive, sender)
  File "/app/veo_custom_video_app/backend/.venv/lib/python3.10/site-packages/starlette/routing.py", line 73, in app
    response = await f(request)
  File "/app/veo_custom_video_app/backend/.venv/lib/python3.10/site-packages/fastapi/routing.py", line 301, in app
    raw_response = await run_endpoint_function(
  File "/app/veo_custom_video_app/backend/.venv/lib/python3.10/site-packages/fastapi/routing.py", line 212, in run_endpoint_function
    return await dependant.call(**values)
  File "/app/veo_custom_video_app/backend/api/routes.py", line 174, in create_user_signup
    db_user = db.query(db_models.User).filter(db_models.User.email == user_in.email).first()
  File "/app/veo_custom_video_app/backend/.venv/lib/python3.10/site-packages/sqlalchemy/orm/query.py", line 2759, in first
    return self.limit(1)._iter().first()  # type: ignore
  File "/app/veo_custom_video_app/backend/.venv/lib/python3.10/site-packages/sqlalchemy/orm/query.py", line 2857, in _iter
    result: Union[ScalarResult[_T], Result[_T]] = self.session.execute(
  File "/app/veo_custom_video_app/backend/.venv/lib/python3.10/site-packages/sqlalchemy/orm/session.py", line 2365, in execute
    return self._execute_internal(
  File "/app/veo_custom_video_app/backend/.venv/lib/python3.10/site-packages/sqlalchemy/orm/session.py", line 2241, in _execute_internal
    conn = self._connection_for_bind(bind)
  File "/app/veo_custom_video_app/backend/.venv/lib/python3.10/site-packages/sqlalchemy/orm/session.py", line 2110, in _connection_for_bind
    return trans._connection_for_bind(engine, execution_options)
  File "<string>", line 2, in _connection_for_bind
  File "/app/veo_custom_video_app/backend/.venv/lib/python3.10/site-packages/sqlalchemy/orm/state_changes.py", line 139, in _go
    ret_value = fn(self, *arg, **kw)
  File "/app/veo_custom_video_app/backend/.venv/lib/python3.10/site-packages/sqlalchemy/orm/session.py", line 1189, in _connection_for_bind
    conn = bind.connect()
  File "/app/veo_custom_video_app/backend/.venv/lib/python3.10/site-packages/sqlalchemy/engine/base.py", line 3273, in connect
    return self._connection_cls(self)
  File "/app/veo_custom_video_app/backend/.venv/lib/python3.10/site-packages/sqlalchemy/engine/base.py", line 147, in __init__
    Connection._handle_dbapi_exception_noconnection(
  File "/app/veo_custom_video_app/backend/.venv/lib/python3.10/site-packages/sqlalchemy/engine/base.py", line 2436, in _handle_dbapi_exception_noconnection
    raise sqlalchemy_exception.with_traceback(exc_info[2]) from e
  File "/app/veo_custom_video_app/backend/.venv/lib/python3.10/site-packages/sqlalchemy/engine/base.py", line 145, in __init__
    self._dbapi_connection = engine.raw_connection()
  File "/app/veo_custom_video_app/backend/.venv/lib/python3.10/site-packages/sqlalchemy/engine/base.py", line 3297, in raw_connection
    return self.pool.connect()
  File "/app/veo_custom_video_app/backend/.venv/lib/python3.10/site-packages/sqlalchemy/pool/base.py", line 449, in connect
    return _ConnectionFairy._checkout(self)
  File "/app/veo_custom_video_app/backend/.venv/lib/python3.10/site-packages/sqlalchemy/pool/base.py", line 1264, in _checkout
    fairy = _ConnectionRecord.checkout(pool)
  File "/app/veo_custom_video_app/backend/.venv/lib/python3.10/site-packages/sqlalchemy/pool/base.py", line 713, in checkout
    rec = pool._do_get()
  File "/app/veo_custom_video_app/backend/.venv/lib/python3.10/site-packages/sqlalchemy/pool/impl.py", line 179, in _do_get
    with util.safe_reraise():
  File "/app/veo_custom_video_app/backend/.venv/lib/python3.10/site-packages/sqlalchemy/util/langhelpers.py", line 224, in __exit__
    raise exc_value.with_traceback(exc_tb)
  File "/app/veo_custom_video_app/backend/.venv/lib/python3.10/site-packages/sqlalchemy/pool/impl.py", line 177, in _do_get
    return self._create_connection()
  File "/app/veo_custom_video_app/backend/.venv/lib/python3.10/site-packages/sqlalchemy/pool/base.py", line 390, in _create_connection
    return _ConnectionRecord(self)
  File "/app/veo_custom_video_app/backend/.venv/lib/python3.10/site-packages/sqlalchemy/pool/base.py", line 675, in __init__
    self.__connect()
  File "/app/veo_custom_video_app/backend/.venv/lib/python3.10/site-packages/sqlalchemy/pool/base.py", line 901, in __connect
    with util.safe_reraise():
  File "/app/veo_custom_video_app/backend/.venv/lib/python3.10/site-packages/sqlalchemy/util/langhelpers.py", line 224, in __exit__
    raise exc_value.with_traceback(exc_tb)
  File "/app/veo_custom_video_app/backend/.venv/lib/python3.10/site-packages/sqlalchemy/pool/base.py", line 897, in __connect
    self.dbapi_connection = connection = pool._invoke_creator(self)
  File "/app/veo_custom_video_app/backend/.venv/lib/python3.10/site-packages/sqlalchemy/engine/create.py", line 646, in connect
    return dialect.connect(*cargs, **cparams)
  File "/app/veo_custom_video_app/backend/.venv/lib/python3.10/site-packages/sqlalchemy/engine/default.py", line 625, in connect
    return self.loaded_dbapi.connect(*cargs, **cparams)  # type: ignore[no-any-return]  # NOQA: E501
  File "/app/veo_custom_video_app/backend/.venv/lib/python3.10/site-packages/psycopg2/__init__.py", line 122, in connect
    conn = _connect(dsn, connection_factory=connection_factory, **kwasync)
sqlalchemy.exc.OperationalError: (psycopg2.OperationalError) connection to server at "localhost" (127.0.0.1), port 5432 failed: FATAL:  password authentication failed for user "user"
connection to server at "localhost" (127.0.0.1), port 5432 failed: FATAL:  password authentication failed for user "user"

(Background on this error at: https://sqlalche.me/e/20/e3q8)
